Summary timer report
-------------------

category_name         time_on     time_off
Waiting                28.970ms     59.734ms 
In Setup                0.000ms     80.177ms 
In run other           87.411ms     38.287ms 
Turning on Machine    109.881ms      0.000ms 
Loading Stage        2392.918ms      0.000ms 
data_generation       142.262ms      0.000ms 
Mapping Stage         586.211ms    143.960ms 
Running Stage        3532.355ms      0.000ms 
Resetting               0.000ms      0.000ms 
Shutting down          19.985ms      0.000ms 

In total the script took    7222.15 of which the machine was on for    6899.99

work type         time
Other                2802.505ms
Turning on Machine     71.295ms
Loading Stage         744.981ms
BitField work         642.091ms
Compressing             0.018ms
Control                 1.495ms
Expanding Synapse     519.605ms
Running               269.972ms
Extracting            183.316ms
Extracting            183.316ms
Reporting               4.970ms


algorithms which ran for longer than 5ms
Name                       total_time n_runs
SpynnakerSplitterPartitioner             5.883 1
Machine generator                       71.295 1
Buffer manager creator                  30.759 1
Graph binary gatherer                    7.890 1
Spynnaker data specification writer     40.516 1
Execute system data specification       25.445 1
Load executable system Images          269.694 1
Tags Loader                              5.469 1
Host data specification                289.316 1
Synapse expander                       519.605 1
Execute on chip bitfield generator     642.091 1
Load executable app images             152.621 1
Create database interface             2296.841 1
Runtime Update                          22.106 1
Application runner                     269.483 1
Buffer extractor                        48.948 1
Graph provenance gatherer                8.991 1
Placements provenance gatherer         380.252 1
Router provenance gatherer             132.463 1


